// Jest Snapshot v1, https://goo.gl/fbAQLP

exports[`<ContentDecider/> renders correctly 1`] = `
<div
  style={
    Object {
      "width": "100%",
    }
  }
>
  <div
    style={
      Object {
        "float": "left",
        "margin": "50px 40px 10px 60px",
      }
    }
  >
    <div
      className="MuiPaper-root MuiPaper-elevation1 MuiCard-root makeStyles-card-1 MuiPaper-rounded"
    >
      <div
        className="MuiCardHeader-root"
      >
        <div
          className="MuiCardHeader-avatar"
        >
          <div
            aria-label="Recipe"
            className="MuiAvatar-root makeStyles-avatar-5 MuiAvatar-colorDefault"
          >
            Y
          </div>
        </div>
        <div
          className="MuiCardHeader-content"
        >
          <span
            className="MuiTypography-root MuiCardHeader-title MuiTypography-body2 MuiTypography-displayBlock"
          >
            Your Library Is Empty
          </span>
        </div>
      </div>
      <div
        alt="Your Library Is Empty"
        className="MuiCardMedia-root makeStyles-media-2"
        style={
          Object {
            "backgroundImage": "url(\\"blog2N.jpg\\")",
          }
        }
        title="Your Library Is Empty"
      />
      <div
        className="MuiCardContent-root"
      >
        <div
          style={
            Object {
              "height": "20px",
              "overflow": "hidden",
              "width": "313px",
            }
          }
        >
          <p
            className="MuiTypography-root MuiTypography-body2 MuiTypography-colorTextSecondary"
          >
            
          </p>
        </div>
      </div>
    </div>
  </div>
  <div
    style={
      Object {
        "position": "absolute",
        "right": "1012px",
        "top": "475px",
      }
    }
  >
    <div>
      <div
        className="MuiCircularProgress-root makeStyles-progress-76 MuiCircularProgress-colorSecondary MuiCircularProgress-indeterminate"
        role="progressbar"
        style={
          Object {
            "height": 40,
            "width": 40,
          }
        }
      >
        <svg
          className="MuiCircularProgress-svg"
          viewBox="22 22 44 44"
        >
          <circle
            className="MuiCircularProgress-circle MuiCircularProgress-circleIndeterminate"
            cx={44}
            cy={44}
            fill="none"
            r={20.2}
            strokeWidth={3.6}
            style={Object {}}
          />
        </svg>
      </div>
    </div>
  </div>
</div>
`;
